// Jest Snapshot v1, https://goo.gl/fbAQLP

exports[` Items Component Rendering  renders correctly 1`] = `null`;
