// Jest Snapshot v1, https://goo.gl/fbAQLP

exports[` Items Component Rendering  renders correctly 1`] = `
<div>
  <div
    className="category"
  >
    <h2
      className="select"
    >
      SELECT CATEGORY
    </h2>
    <select
      className="options"
      id="category"
      name="category"
      onChange={[Function]}
    >
      <option
        className="singleoption"
        value=""
      >
        Choose a Category
      </option>
      <option
        className="singleoption"
        value="equipment"
      >
        Equipment
      </option>
      <option
        className="singleoption"
        value="creatures"
      >
        Creatures
      </option>
      <option
        className="singleoption"
        value="materials"
      >
        Materials
      </option>
      <option
        className="singleoption"
        value="monsters"
      >
        Monsters
      </option>
      <option
        className="singleoption"
        value="treasure"
      >
        Treasure
      </option>
    </select>
  </div>
  <div
    className="mainitems"
  />
</div>
`;
